<class>
<keyword> class </keyword>
<IdentifierInfo> category: class </IdentifierInfo>
<identifier> Main </identifier>
<symbol> { </symbol>
<subroutineDec>
<keyword> function </keyword>
<keyword> void </keyword>
<IdentifierInfo> category: subroutine </IdentifierInfo>
<identifier> main </identifier>
<symbol> ( </symbol>
<parameterList>
</parameterList>
<symbol> ) </symbol>
<subroutineBody>
<symbol> { </symbol>
<varDec>
<keyword> var </keyword>
<IdentifierInfo> category: class </IdentifierInfo>
<identifier> Array </identifier>
<IdentifierInfo> declaration: True, kind: 3, index: 0 </IdentifierInfo>
<identifier> a </identifier>
<symbol> ; </symbol>
</varDec>
<varDec>
<keyword> var </keyword>
<keyword> int </keyword>
<IdentifierInfo> declaration: True, kind: 3, index: 1 </IdentifierInfo>
<identifier> length </identifier>
<symbol> ; </symbol>
</varDec>
<varDec>
<keyword> var </keyword>
<keyword> int </keyword>
<IdentifierInfo> declaration: True, kind: 3, index: 2 </IdentifierInfo>
<identifier> i </identifier>
<symbol> , </symbol>
<IdentifierInfo> declaration: True, kind: 3, index: 3 </IdentifierInfo>
<identifier> sum </identifier>
<symbol> ; </symbol>
</varDec>
<statements>
<letStatement>
<keyword> let </keyword>
<IdentifierInfo> declaration: False, kind: 3, index: 1 </IdentifierInfo>
<identifier> length </identifier>
<symbol> = </symbol>
<expression>
<term>
<IdentifierInfo> category: class </IdentifierInfo>
<identifier> Keyboard </identifier>
<symbol> . </symbol>
<IdentifierInfo> category: subroutine </IdentifierInfo>
<identifier> readInt </identifier>
<symbol> ( </symbol>
<expressionList>
<expression>
<term>
<stringConstant> How many numbers?  </stringConstant>
</term>
</expression>
</expressionList>
<symbol> ) </symbol>
</term>
</expression>
<symbol> ; </symbol>
</letStatement>
<letStatement>
<keyword> let </keyword>
<IdentifierInfo> declaration: False, kind: 3, index: 0 </IdentifierInfo>
<identifier> a </identifier>
<symbol> = </symbol>
<expression>
<term>
<IdentifierInfo> category: class </IdentifierInfo>
<identifier> Array </identifier>
<symbol> . </symbol>
<IdentifierInfo> category: subroutine </IdentifierInfo>
<identifier> new </identifier>
<symbol> ( </symbol>
<expressionList>
<expression>
<term>
<IdentifierInfo> declaration: False, kind: 3, index: 1 </IdentifierInfo>
<identifier> length </identifier>
</term>
</expression>
</expressionList>
<symbol> ) </symbol>
</term>
</expression>
<symbol> ; </symbol>
</letStatement>
<letStatement>
<keyword> let </keyword>
<IdentifierInfo> declaration: False, kind: 3, index: 2 </IdentifierInfo>
<identifier> i </identifier>
<symbol> = </symbol>
<expression>
<term>
<integerConstant> 0 </integerConstant>
</term>
</expression>
<symbol> ; </symbol>
</letStatement>
<whileStatement>
<keyword> while </keyword>
<symbol> ( </symbol>
<expression>
<term>
<IdentifierInfo> declaration: False, kind: 3, index: 2 </IdentifierInfo>
<identifier> i </identifier>
</term>
<symbol> &lt; </symbol>
<term>
<IdentifierInfo> declaration: False, kind: 3, index: 1 </IdentifierInfo>
<identifier> length </identifier>
</term>
</expression>
<symbol> ) </symbol>
<symbol> { </symbol>
<statements>
<letStatement>
<keyword> let </keyword>
<IdentifierInfo> declaration: False, kind: 3, index: 0 </IdentifierInfo>
<identifier> a </identifier>
<symbol> [ </symbol>
<expression>
<term>
<IdentifierInfo> declaration: False, kind: 3, index: 2 </IdentifierInfo>
<identifier> i </identifier>
</term>
</expression>
<symbol> ] </symbol>
<symbol> = </symbol>
<expression>
<term>
<IdentifierInfo> category: class </IdentifierInfo>
<identifier> Keyboard </identifier>
<symbol> . </symbol>
<IdentifierInfo> category: subroutine </IdentifierInfo>
<identifier> readInt </identifier>
<symbol> ( </symbol>
<expressionList>
<expression>
<term>
<stringConstant> Enter a number:  </stringConstant>
</term>
</expression>
</expressionList>
<symbol> ) </symbol>
</term>
</expression>
<symbol> ; </symbol>
</letStatement>
<letStatement>
<keyword> let </keyword>
<IdentifierInfo> declaration: False, kind: 3, index: 3 </IdentifierInfo>
<identifier> sum </identifier>
<symbol> = </symbol>
<expression>
<term>
<IdentifierInfo> declaration: False, kind: 3, index: 3 </IdentifierInfo>
<identifier> sum </identifier>
</term>
<symbol> + </symbol>
<term>
<IdentifierInfo> declaration: False, kind: 3, index: 0 </IdentifierInfo>
<identifier> a </identifier>
<symbol> [ </symbol>
<expression>
<term>
<IdentifierInfo> declaration: False, kind: 3, index: 2 </IdentifierInfo>
<identifier> i </identifier>
</term>
</expression>
<symbol> ] </symbol>
</term>
</expression>
<symbol> ; </symbol>
</letStatement>
<letStatement>
<keyword> let </keyword>
<IdentifierInfo> declaration: False, kind: 3, index: 2 </IdentifierInfo>
<identifier> i </identifier>
<symbol> = </symbol>
<expression>
<term>
<IdentifierInfo> declaration: False, kind: 3, index: 2 </IdentifierInfo>
<identifier> i </identifier>
</term>
<symbol> + </symbol>
<term>
<integerConstant> 1 </integerConstant>
</term>
</expression>
<symbol> ; </symbol>
</letStatement>
</statements>
<symbol> } </symbol>
</whileStatement>
<doStatement>
<keyword> do </keyword>
<IdentifierInfo> category: class </IdentifierInfo>
<identifier> Output </identifier>
<symbol> . </symbol>
<IdentifierInfo> category: subroutine </IdentifierInfo>
<identifier> printString </identifier>
<symbol> ( </symbol>
<expressionList>
<expression>
<term>
<stringConstant> The average is  </stringConstant>
</term>
</expression>
</expressionList>
<symbol> ) </symbol>
<symbol> ; </symbol>
</doStatement>
<doStatement>
<keyword> do </keyword>
<IdentifierInfo> category: class </IdentifierInfo>
<identifier> Output </identifier>
<symbol> . </symbol>
<IdentifierInfo> category: subroutine </IdentifierInfo>
<identifier> printInt </identifier>
<symbol> ( </symbol>
<expressionList>
<expression>
<term>
<IdentifierInfo> declaration: False, kind: 3, index: 3 </IdentifierInfo>
<identifier> sum </identifier>
</term>
<symbol> / </symbol>
<term>
<IdentifierInfo> declaration: False, kind: 3, index: 1 </IdentifierInfo>
<identifier> length </identifier>
</term>
</expression>
</expressionList>
<symbol> ) </symbol>
<symbol> ; </symbol>
</doStatement>
<returnStatement>
<keyword> return </keyword>
<symbol> ; </symbol>
</returnStatement>
</statements>
<symbol> } </symbol>
</subroutineBody>
</subroutineDec>
<symbol> } </symbol>
</class>
