<class>
<keyword> class </keyword>
<IdentifierInfo> category: class </IdentifierInfo>
<identifier> SquareGame </identifier>
<symbol> { </symbol>
<classVarDec>
<keyword> field </keyword>
<IdentifierInfo> category: class </IdentifierInfo>
<identifier> Square </identifier>
<IdentifierInfo> declaration: True, kind: 1, index: 0 </IdentifierInfo>
<identifier> square </identifier>
<symbol> ; </symbol>
</classVarDec>
<classVarDec>
<keyword> field </keyword>
<keyword> int </keyword>
<IdentifierInfo> declaration: True, kind: 1, index: 1 </IdentifierInfo>
<identifier> direction </identifier>
<symbol> ; </symbol>
</classVarDec>
<subroutineDec>
<keyword> constructor </keyword>
<IdentifierInfo> category: class </IdentifierInfo>
<identifier> SquareGame </identifier>
<IdentifierInfo> category: subroutine </IdentifierInfo>
<identifier> new </identifier>
<symbol> ( </symbol>
<parameterList>
</parameterList>
<symbol> ) </symbol>
<subroutineBody>
<symbol> { </symbol>
<statements>
<letStatement>
<keyword> let </keyword>
<IdentifierInfo> declaration: False, kind: 1, index: 0 </IdentifierInfo>
<identifier> square </identifier>
<symbol> = </symbol>
<expression>
<term>
<IdentifierInfo> category: class </IdentifierInfo>
<identifier> Square </identifier>
<symbol> . </symbol>
<IdentifierInfo> category: subroutine </IdentifierInfo>
<identifier> new </identifier>
<symbol> ( </symbol>
<expressionList>
<expression>
<term>
<integerConstant> 0 </integerConstant>
</term>
</expression>
<symbol> , </symbol>
<expression>
<term>
<integerConstant> 0 </integerConstant>
</term>
</expression>
<symbol> , </symbol>
<expression>
<term>
<integerConstant> 30 </integerConstant>
</term>
</expression>
</expressionList>
<symbol> ) </symbol>
</term>
</expression>
<symbol> ; </symbol>
</letStatement>
<letStatement>
<keyword> let </keyword>
<IdentifierInfo> declaration: False, kind: 1, index: 1 </IdentifierInfo>
<identifier> direction </identifier>
<symbol> = </symbol>
<expression>
<term>
<integerConstant> 0 </integerConstant>
</term>
</expression>
<symbol> ; </symbol>
</letStatement>
<returnStatement>
<keyword> return </keyword>
<expression>
<term>
<keyword> this </keyword>
</term>
</expression>
<symbol> ; </symbol>
</returnStatement>
</statements>
<symbol> } </symbol>
</subroutineBody>
</subroutineDec>
<subroutineDec>
<keyword> method </keyword>
<keyword> void </keyword>
<IdentifierInfo> category: subroutine </IdentifierInfo>
<identifier> dispose </identifier>
<symbol> ( </symbol>
<parameterList>
</parameterList>
<symbol> ) </symbol>
<subroutineBody>
<symbol> { </symbol>
<statements>
<doStatement>
<keyword> do </keyword>
<IdentifierInfo> declaration: False, kind: 1, index: 0 </IdentifierInfo>
<identifier> square </identifier>
<symbol> . </symbol>
<IdentifierInfo> category: subroutine </IdentifierInfo>
<identifier> dispose </identifier>
<symbol> ( </symbol>
<expressionList>
</expressionList>
<symbol> ) </symbol>
<symbol> ; </symbol>
</doStatement>
<doStatement>
<keyword> do </keyword>
<IdentifierInfo> category: class </IdentifierInfo>
<identifier> Memory </identifier>
<symbol> . </symbol>
<IdentifierInfo> category: subroutine </IdentifierInfo>
<identifier> deAlloc </identifier>
<symbol> ( </symbol>
<expressionList>
<expression>
<term>
<keyword> this </keyword>
</term>
</expression>
</expressionList>
<symbol> ) </symbol>
<symbol> ; </symbol>
</doStatement>
<returnStatement>
<keyword> return </keyword>
<symbol> ; </symbol>
</returnStatement>
</statements>
<symbol> } </symbol>
</subroutineBody>
</subroutineDec>
<subroutineDec>
<keyword> method </keyword>
<keyword> void </keyword>
<IdentifierInfo> category: subroutine </IdentifierInfo>
<identifier> moveSquare </identifier>
<symbol> ( </symbol>
<parameterList>
</parameterList>
<symbol> ) </symbol>
<subroutineBody>
<symbol> { </symbol>
<statements>
<ifStatement>
<keyword> if </keyword>
<symbol> ( </symbol>
<expression>
<term>
<IdentifierInfo> declaration: False, kind: 1, index: 1 </IdentifierInfo>
<identifier> direction </identifier>
</term>
<symbol> = </symbol>
<term>
<integerConstant> 1 </integerConstant>
</term>
</expression>
<symbol> ) </symbol>
<symbol> { </symbol>
<statements>
<doStatement>
<keyword> do </keyword>
<IdentifierInfo> declaration: False, kind: 1, index: 0 </IdentifierInfo>
<identifier> square </identifier>
<symbol> . </symbol>
<IdentifierInfo> category: subroutine </IdentifierInfo>
<identifier> moveUp </identifier>
<symbol> ( </symbol>
<expressionList>
</expressionList>
<symbol> ) </symbol>
<symbol> ; </symbol>
</doStatement>
</statements>
<symbol> } </symbol>
</ifStatement>
<ifStatement>
<keyword> if </keyword>
<symbol> ( </symbol>
<expression>
<term>
<IdentifierInfo> declaration: False, kind: 1, index: 1 </IdentifierInfo>
<identifier> direction </identifier>
</term>
<symbol> = </symbol>
<term>
<integerConstant> 2 </integerConstant>
</term>
</expression>
<symbol> ) </symbol>
<symbol> { </symbol>
<statements>
<doStatement>
<keyword> do </keyword>
<IdentifierInfo> declaration: False, kind: 1, index: 0 </IdentifierInfo>
<identifier> square </identifier>
<symbol> . </symbol>
<IdentifierInfo> category: subroutine </IdentifierInfo>
<identifier> moveDown </identifier>
<symbol> ( </symbol>
<expressionList>
</expressionList>
<symbol> ) </symbol>
<symbol> ; </symbol>
</doStatement>
</statements>
<symbol> } </symbol>
</ifStatement>
<ifStatement>
<keyword> if </keyword>
<symbol> ( </symbol>
<expression>
<term>
<IdentifierInfo> declaration: False, kind: 1, index: 1 </IdentifierInfo>
<identifier> direction </identifier>
</term>
<symbol> = </symbol>
<term>
<integerConstant> 3 </integerConstant>
</term>
</expression>
<symbol> ) </symbol>
<symbol> { </symbol>
<statements>
<doStatement>
<keyword> do </keyword>
<IdentifierInfo> declaration: False, kind: 1, index: 0 </IdentifierInfo>
<identifier> square </identifier>
<symbol> . </symbol>
<IdentifierInfo> category: subroutine </IdentifierInfo>
<identifier> moveLeft </identifier>
<symbol> ( </symbol>
<expressionList>
</expressionList>
<symbol> ) </symbol>
<symbol> ; </symbol>
</doStatement>
</statements>
<symbol> } </symbol>
</ifStatement>
<ifStatement>
<keyword> if </keyword>
<symbol> ( </symbol>
<expression>
<term>
<IdentifierInfo> declaration: False, kind: 1, index: 1 </IdentifierInfo>
<identifier> direction </identifier>
</term>
<symbol> = </symbol>
<term>
<integerConstant> 4 </integerConstant>
</term>
</expression>
<symbol> ) </symbol>
<symbol> { </symbol>
<statements>
<doStatement>
<keyword> do </keyword>
<IdentifierInfo> declaration: False, kind: 1, index: 0 </IdentifierInfo>
<identifier> square </identifier>
<symbol> . </symbol>
<IdentifierInfo> category: subroutine </IdentifierInfo>
<identifier> moveRight </identifier>
<symbol> ( </symbol>
<expressionList>
</expressionList>
<symbol> ) </symbol>
<symbol> ; </symbol>
</doStatement>
</statements>
<symbol> } </symbol>
</ifStatement>
<doStatement>
<keyword> do </keyword>
<IdentifierInfo> category: class </IdentifierInfo>
<identifier> Sys </identifier>
<symbol> . </symbol>
<IdentifierInfo> category: subroutine </IdentifierInfo>
<identifier> wait </identifier>
<symbol> ( </symbol>
<expressionList>
<expression>
<term>
<integerConstant> 5 </integerConstant>
</term>
</expression>
</expressionList>
<symbol> ) </symbol>
<symbol> ; </symbol>
</doStatement>
<returnStatement>
<keyword> return </keyword>
<symbol> ; </symbol>
</returnStatement>
</statements>
<symbol> } </symbol>
</subroutineBody>
</subroutineDec>
<subroutineDec>
<keyword> method </keyword>
<keyword> void </keyword>
<IdentifierInfo> category: subroutine </IdentifierInfo>
<identifier> run </identifier>
<symbol> ( </symbol>
<parameterList>
</parameterList>
<symbol> ) </symbol>
<subroutineBody>
<symbol> { </symbol>
<varDec>
<keyword> var </keyword>
<keyword> char </keyword>
<IdentifierInfo> declaration: True, kind: 3, index: 0 </IdentifierInfo>
<identifier> key </identifier>
<symbol> ; </symbol>
</varDec>
<varDec>
<keyword> var </keyword>
<keyword> boolean </keyword>
<IdentifierInfo> declaration: True, kind: 3, index: 1 </IdentifierInfo>
<identifier> exit </identifier>
<symbol> ; </symbol>
</varDec>
<statements>
<letStatement>
<keyword> let </keyword>
<IdentifierInfo> declaration: False, kind: 3, index: 1 </IdentifierInfo>
<identifier> exit </identifier>
<symbol> = </symbol>
<expression>
<term>
<keyword> false </keyword>
</term>
</expression>
<symbol> ; </symbol>
</letStatement>
<whileStatement>
<keyword> while </keyword>
<symbol> ( </symbol>
<expression>
<term>
<symbol> ~ </symbol>
<term>
<IdentifierInfo> declaration: False, kind: 3, index: 1 </IdentifierInfo>
<identifier> exit </identifier>
</term>
</term>
</expression>
<symbol> ) </symbol>
<symbol> { </symbol>
<statements>
<whileStatement>
<keyword> while </keyword>
<symbol> ( </symbol>
<expression>
<term>
<IdentifierInfo> declaration: False, kind: 3, index: 0 </IdentifierInfo>
<identifier> key </identifier>
</term>
<symbol> = </symbol>
<term>
<integerConstant> 0 </integerConstant>
</term>
</expression>
<symbol> ) </symbol>
<symbol> { </symbol>
<statements>
<letStatement>
<keyword> let </keyword>
<IdentifierInfo> declaration: False, kind: 3, index: 0 </IdentifierInfo>
<identifier> key </identifier>
<symbol> = </symbol>
<expression>
<term>
<IdentifierInfo> category: class </IdentifierInfo>
<identifier> Keyboard </identifier>
<symbol> . </symbol>
<IdentifierInfo> category: subroutine </IdentifierInfo>
<identifier> keyPressed </identifier>
<symbol> ( </symbol>
<expressionList>
</expressionList>
<symbol> ) </symbol>
</term>
</expression>
<symbol> ; </symbol>
</letStatement>
<doStatement>
<keyword> do </keyword>
<IdentifierInfo> category: subroutine </IdentifierInfo>
<identifier> moveSquare </identifier>
<symbol> ( </symbol>
<expressionList>
</expressionList>
<symbol> ) </symbol>
<symbol> ; </symbol>
</doStatement>
</statements>
<symbol> } </symbol>
</whileStatement>
<ifStatement>
<keyword> if </keyword>
<symbol> ( </symbol>
<expression>
<term>
<IdentifierInfo> declaration: False, kind: 3, index: 0 </IdentifierInfo>
<identifier> key </identifier>
</term>
<symbol> = </symbol>
<term>
<integerConstant> 81 </integerConstant>
</term>
</expression>
<symbol> ) </symbol>
<symbol> { </symbol>
<statements>
<letStatement>
<keyword> let </keyword>
<IdentifierInfo> declaration: False, kind: 3, index: 1 </IdentifierInfo>
<identifier> exit </identifier>
<symbol> = </symbol>
<expression>
<term>
<keyword> true </keyword>
</term>
</expression>
<symbol> ; </symbol>
</letStatement>
</statements>
<symbol> } </symbol>
</ifStatement>
<ifStatement>
<keyword> if </keyword>
<symbol> ( </symbol>
<expression>
<term>
<IdentifierInfo> declaration: False, kind: 3, index: 0 </IdentifierInfo>
<identifier> key </identifier>
</term>
<symbol> = </symbol>
<term>
<integerConstant> 90 </integerConstant>
</term>
</expression>
<symbol> ) </symbol>
<symbol> { </symbol>
<statements>
<doStatement>
<keyword> do </keyword>
<IdentifierInfo> declaration: False, kind: 1, index: 0 </IdentifierInfo>
<identifier> square </identifier>
<symbol> . </symbol>
<IdentifierInfo> category: subroutine </IdentifierInfo>
<identifier> decSize </identifier>
<symbol> ( </symbol>
<expressionList>
</expressionList>
<symbol> ) </symbol>
<symbol> ; </symbol>
</doStatement>
</statements>
<symbol> } </symbol>
</ifStatement>
<ifStatement>
<keyword> if </keyword>
<symbol> ( </symbol>
<expression>
<term>
<IdentifierInfo> declaration: False, kind: 3, index: 0 </IdentifierInfo>
<identifier> key </identifier>
</term>
<symbol> = </symbol>
<term>
<integerConstant> 88 </integerConstant>
</term>
</expression>
<symbol> ) </symbol>
<symbol> { </symbol>
<statements>
<doStatement>
<keyword> do </keyword>
<IdentifierInfo> declaration: False, kind: 1, index: 0 </IdentifierInfo>
<identifier> square </identifier>
<symbol> . </symbol>
<IdentifierInfo> category: subroutine </IdentifierInfo>
<identifier> incSize </identifier>
<symbol> ( </symbol>
<expressionList>
</expressionList>
<symbol> ) </symbol>
<symbol> ; </symbol>
</doStatement>
</statements>
<symbol> } </symbol>
</ifStatement>
<ifStatement>
<keyword> if </keyword>
<symbol> ( </symbol>
<expression>
<term>
<IdentifierInfo> declaration: False, kind: 3, index: 0 </IdentifierInfo>
<identifier> key </identifier>
</term>
<symbol> = </symbol>
<term>
<integerConstant> 131 </integerConstant>
</term>
</expression>
<symbol> ) </symbol>
<symbol> { </symbol>
<statements>
<letStatement>
<keyword> let </keyword>
<IdentifierInfo> declaration: False, kind: 1, index: 1 </IdentifierInfo>
<identifier> direction </identifier>
<symbol> = </symbol>
<expression>
<term>
<integerConstant> 1 </integerConstant>
</term>
</expression>
<symbol> ; </symbol>
</letStatement>
</statements>
<symbol> } </symbol>
</ifStatement>
<ifStatement>
<keyword> if </keyword>
<symbol> ( </symbol>
<expression>
<term>
<IdentifierInfo> declaration: False, kind: 3, index: 0 </IdentifierInfo>
<identifier> key </identifier>
</term>
<symbol> = </symbol>
<term>
<integerConstant> 133 </integerConstant>
</term>
</expression>
<symbol> ) </symbol>
<symbol> { </symbol>
<statements>
<letStatement>
<keyword> let </keyword>
<IdentifierInfo> declaration: False, kind: 1, index: 1 </IdentifierInfo>
<identifier> direction </identifier>
<symbol> = </symbol>
<expression>
<term>
<integerConstant> 2 </integerConstant>
</term>
</expression>
<symbol> ; </symbol>
</letStatement>
</statements>
<symbol> } </symbol>
</ifStatement>
<ifStatement>
<keyword> if </keyword>
<symbol> ( </symbol>
<expression>
<term>
<IdentifierInfo> declaration: False, kind: 3, index: 0 </IdentifierInfo>
<identifier> key </identifier>
</term>
<symbol> = </symbol>
<term>
<integerConstant> 130 </integerConstant>
</term>
</expression>
<symbol> ) </symbol>
<symbol> { </symbol>
<statements>
<letStatement>
<keyword> let </keyword>
<IdentifierInfo> declaration: False, kind: 1, index: 1 </IdentifierInfo>
<identifier> direction </identifier>
<symbol> = </symbol>
<expression>
<term>
<integerConstant> 3 </integerConstant>
</term>
</expression>
<symbol> ; </symbol>
</letStatement>
</statements>
<symbol> } </symbol>
</ifStatement>
<ifStatement>
<keyword> if </keyword>
<symbol> ( </symbol>
<expression>
<term>
<IdentifierInfo> declaration: False, kind: 3, index: 0 </IdentifierInfo>
<identifier> key </identifier>
</term>
<symbol> = </symbol>
<term>
<integerConstant> 132 </integerConstant>
</term>
</expression>
<symbol> ) </symbol>
<symbol> { </symbol>
<statements>
<letStatement>
<keyword> let </keyword>
<IdentifierInfo> declaration: False, kind: 1, index: 1 </IdentifierInfo>
<identifier> direction </identifier>
<symbol> = </symbol>
<expression>
<term>
<integerConstant> 4 </integerConstant>
</term>
</expression>
<symbol> ; </symbol>
</letStatement>
</statements>
<symbol> } </symbol>
</ifStatement>
<whileStatement>
<keyword> while </keyword>
<symbol> ( </symbol>
<expression>
<term>
<symbol> ~ </symbol>
<term>
<symbol> ( </symbol>
<expression>
<term>
<IdentifierInfo> declaration: False, kind: 3, index: 0 </IdentifierInfo>
<identifier> key </identifier>
</term>
<symbol> = </symbol>
<term>
<integerConstant> 0 </integerConstant>
</term>
</expression>
<symbol> ) </symbol>
</term>
</term>
</expression>
<symbol> ) </symbol>
<symbol> { </symbol>
<statements>
<letStatement>
<keyword> let </keyword>
<IdentifierInfo> declaration: False, kind: 3, index: 0 </IdentifierInfo>
<identifier> key </identifier>
<symbol> = </symbol>
<expression>
<term>
<IdentifierInfo> category: class </IdentifierInfo>
<identifier> Keyboard </identifier>
<symbol> . </symbol>
<IdentifierInfo> category: subroutine </IdentifierInfo>
<identifier> keyPressed </identifier>
<symbol> ( </symbol>
<expressionList>
</expressionList>
<symbol> ) </symbol>
</term>
</expression>
<symbol> ; </symbol>
</letStatement>
<doStatement>
<keyword> do </keyword>
<IdentifierInfo> category: subroutine </IdentifierInfo>
<identifier> moveSquare </identifier>
<symbol> ( </symbol>
<expressionList>
</expressionList>
<symbol> ) </symbol>
<symbol> ; </symbol>
</doStatement>
</statements>
<symbol> } </symbol>
</whileStatement>
</statements>
<symbol> } </symbol>
</whileStatement>
<returnStatement>
<keyword> return </keyword>
<symbol> ; </symbol>
</returnStatement>
</statements>
<symbol> } </symbol>
</subroutineBody>
</subroutineDec>
<symbol> } </symbol>
</class>
